// Jest Snapshot v1, https://goo.gl/fbAQLP

exports[`setcurrentuser actions should test setCurrentUser action function 1`] = `[Function]`;

exports[`setcurrentuser actions should test setCurrentUser action function 2`] = `[Function]`;

exports[`setcurrentuser actions should test setCurrentUser action function 3`] = `[Function]`;
